Vercel CLI 55.0.0 (Node.js 22.22.2)
Retrieving project…
Deploying mtsvi-moraes-projects/inagaki-ai-systems
Uploading [--------------------] (0.0B/109B)
Uploading [====================] (109.0B/109B)
  Inspect         https://vercel.com/mtsvi-moraes-projects/inagaki-ai-systems/HUBkekMkvYiywujQQSijLL8HhJzq
  Production      https://inagaki-ai-systems-iou1kq28l-mtsvi-moraes-projects.vercel.app
https://inagaki-ai-systems-iou1kq28l-mtsvi-moraes-projects.vercel.appBuilding…
Building…
Running build in Washington, D.C., USA (East) – iad1
Build machine configuration: 2 cores, 8 GB
Retrieving list of deployment files...
Downloading 39 deployment files...
Restored build cache from previous deployment (BptvLD4pCusmWyeBacKvCkk1zAK2)
Warning: "vercel" found in project dependencies and will be ignored.
Running "vercel build"
Vercel CLI 55.0.0
Detected `pnpm-lock.yaml` version 9 generated by pnpm@10.x with package.json#packageManager pnpm@11.7.0
Installing dependencies...
? Verifying lockfile against supply-chain policies (742 entries)...
Error: Command "pnpm install" exited with 1
