Vercel CLI 55.0.0 (Node.js 22.22.2)
Retrieving project…
Deploying mtsvi-moraes-projects/inagaki-ai-systems
Uploading [--------------------] (0.0B/2.1KB)
Uploading [==========----------] (1.1KB/2.1KB)
Uploading [====================] (2.1KB/2.1KB)
  Inspect         https://vercel.com/mtsvi-moraes-projects/inagaki-ai-systems/HUXwNDfQm6iqLkgzfQs4X9TXxsoL
  Production      https://inagaki-ai-systems-p7ez4qpy8-mtsvi-moraes-projects.vercel.app
https://inagaki-ai-systems-p7ez4qpy8-mtsvi-moraes-projects.vercel.appBuilding…
Building…
Running build in Washington, D.C., USA (East) – iad1
Build machine configuration: 2 cores, 8 GB
Retrieving list of deployment files...
Downloading 38 deployment files...
Skipping build cache since Package Manager changed from "pnpm" to "npm"
Warning: "vercel" found in project dependencies and will be ignored.
Running "vercel build"
Vercel CLI 55.0.0
Installing dependencies...
npm warn deprecated stream-to-promise@2.2.0: Deprecated. Use node:stream/promises and node:stream/consumers instead.
npm warn deprecated tar@7.5.7: Old versions of tar are not supported, and contain widely publicized security vulnerabilities, which have been fixed in the current version. Please update. Support for old versions may be purchased (at exorbitant rates) by contacting i@izs.me
added 648 packages in 17s
178 packages are looking for funding
run `npm fund` for details
Detected Next.js version: 16.2.6
Running "npm run build"
> inagaki-ai-systems@0.1.0 build
> next build
Applying modifyConfig from Vercel
Attention: Next.js now collects completely anonymous telemetry regarding usage.
This information is used to shape Next.js' roadmap and prioritize features.
You can learn more, including how to opt-out if you'd not like to participate in this anonymous program, by visiting the following URL:
https://nextjs.org/telemetry
▲ Next.js 16.2.6 (Turbopack)
Creating an optimized production build ...
✓ Compiled successfully in 10.4s
Running TypeScript ...
Finished TypeScript in 5.4s ...
Collecting page data using 1 worker ...
Generating static pages using 1 worker (0/4) ...
Generating static pages using 1 worker (1/4)
Generating static pages using 1 worker (2/4)
Generating static pages using 1 worker (3/4)
✓ Generating static pages using 1 worker (4/4) in 232ms
Finalizing page optimization ...
Running onBuildComplete from Vercel
Route (app)
┌ ○ /
├ ○ /_not-found
└ ƒ /api/chat
○  (Static)   prerendered as static content
ƒ  (Dynamic)  server-rendered on demand
Build Completed in /vercel/output [35s]
Deploying outputs...
[2K[1A[2K[G  Production      https://inagaki-ai-systems-p7ez4qpy8-mtsvi-moraes-projects.vercel.app
Completing…
▲ Aliased         https://inagaki-ai-systems.vercel.app

✓ Ready in 46s

Common next commands:
- `vercel inspect inagaki-ai-systems-p7ez4qpy8-mtsvi-moraes-projects.vercel.app --logs`
- `vercel redeploy inagaki-ai-systems-p7ez4qpy8-mtsvi-moraes-projects.vercel.app`
